../Core/Src/stm32f7xx_it.c:78:6:NMI_Handler	4	static
../Core/Src/stm32f7xx_it.c:93:6:HardFault_Handler	4	static
../Core/Src/stm32f7xx_it.c:108:6:MemManage_Handler	4	static
../Core/Src/stm32f7xx_it.c:123:6:BusFault_Handler	4	static
../Core/Src/stm32f7xx_it.c:138:6:UsageFault_Handler	4	static
../Core/Src/stm32f7xx_it.c:153:6:DebugMon_Handler	4	static
../Core/Src/stm32f7xx_it.c:173:6:CAN1_RX0_IRQHandler	8	static
../Core/Src/stm32f7xx_it.c:187:6:CAN1_RX1_IRQHandler	8	static
../Core/Src/stm32f7xx_it.c:201:6:TIM1_UP_TIM10_IRQHandler	8	static
../Core/Src/stm32f7xx_it.c:215:6:USART3_IRQHandler	8	static
../Core/Src/stm32f7xx_it.c:229:6:TIM8_UP_TIM13_IRQHandler	8	static
../Core/Src/stm32f7xx_it.c:243:6:SPI3_IRQHandler	8	static
../Core/Src/stm32f7xx_it.c:257:6:UART4_IRQHandler	8	static
../Core/Src/stm32f7xx_it.c:271:6:UART5_IRQHandler	8	static
../Core/Src/stm32f7xx_it.c:285:6:ETH_IRQHandler	8	static
../Core/Src/stm32f7xx_it.c:299:6:SPI4_IRQHandler	8	static
